motor.c:10:6:moveXYRelative	256	static
motor.c:127:6:setDirection	24	static
motor.c:136:6:setHomeXY	4	static
motor.c:141:6:setHomeZ	4	static
motor.c:145:6:moveXYAbsolute	24	static
motor.c:151:6:moveAxisRelative	96	static
motor.c:209:6:moveZRelative	32	static
motor.c:225:6:moveZAbsolute	24	static
motor.c:230:7:calcDistance	32	static
motor.c:260:6:BoardCal	16	static
motor.c:271:6:movePiece	48	static
motor.c:309:6:moveToStandbyPosition	8	static
motor.c:317:6:movePieceByIndex	48	static
motor.c:325:7:getCoordsFromIndex	32	static
