###############################################################################
#
# IAR ELF Linker V8.11.3.13950/W32 for ARM                06/Feb/2022  17:03:14
# Copyright 2007-2017 IAR Systems AB.
#
#    Output file  =  
#        C:\Users\khart\Documents\GitHub\Embedded-Capstone\stm32\IAR\Debug\Exe\Motor_Driver.out
#    Map file     =  
#        C:\Users\khart\Documents\GitHub\Embedded-Capstone\stm32\IAR\Debug\List\Motor_Driver.map
#    Command line =  
#        -f C:\Users\khart\AppData\Local\Temp\EWF6F4.tmp
#        (C:\Users\khart\Documents\GitHub\Embedded-Capstone\stm32\IAR\Debug\Obj\main.o
#        C:\Users\khart\Documents\GitHub\Embedded-Capstone\stm32\IAR\Debug\Obj\misc.o
#        C:\Users\khart\Documents\GitHub\Embedded-Capstone\stm32\IAR\Debug\Obj\stm32f4_discovery.o
#        C:\Users\khart\Documents\GitHub\Embedded-Capstone\stm32\IAR\Debug\Obj\stm32f4_discovery_audio_codec.o
#        C:\Users\khart\Documents\GitHub\Embedded-Capstone\stm32\IAR\Debug\Obj\stm32f4_discovery_lis302dl.o
#        C:\Users\khart\Documents\GitHub\Embedded-Capstone\stm32\IAR\Debug\Obj\stm32f4xx_adc.o
#        C:\Users\khart\Documents\GitHub\Embedded-Capstone\stm32\IAR\Debug\Obj\stm32f4xx_can.o
#        C:\Users\khart\Documents\GitHub\Embedded-Capstone\stm32\IAR\Debug\Obj\stm32f4xx_crc.o
#        C:\Users\khart\Documents\GitHub\Embedded-Capstone\stm32\IAR\Debug\Obj\stm32f4xx_cryp.o
#        C:\Users\khart\Documents\GitHub\Embedded-Capstone\stm32\IAR\Debug\Obj\stm32f4xx_cryp_aes.o
#        C:\Users\khart\Documents\GitHub\Embedded-Capstone\stm32\IAR\Debug\Obj\stm32f4xx_cryp_des.o
#        C:\Users\khart\Documents\GitHub\Embedded-Capstone\stm32\IAR\Debug\Obj\stm32f4xx_cryp_tdes.o
#        C:\Users\khart\Documents\GitHub\Embedded-Capstone\stm32\IAR\Debug\Obj\stm32f4xx_dac.o
#        C:\Users\khart\Documents\GitHub\Embedded-Capstone\stm32\IAR\Debug\Obj\stm32f4xx_dbgmcu.o
#        C:\Users\khart\Documents\GitHub\Embedded-Capstone\stm32\IAR\Debug\Obj\stm32f4xx_dcmi.o
#        C:\Users\khart\Documents\GitHub\Embedded-Capstone\stm32\IAR\Debug\Obj\stm32f4xx_dma.o
#        C:\Users\khart\Documents\GitHub\Embedded-Capstone\stm32\IAR\Debug\Obj\stm32f4xx_exti.o
#        C:\Users\khart\Documents\GitHub\Embedded-Capstone\stm32\IAR\Debug\Obj\stm32f4xx_flash.o
#        C:\Users\khart\Documents\GitHub\Embedded-Capstone\stm32\IAR\Debug\Obj\stm32f4xx_fsmc.o
#        C:\Users\khart\Documents\GitHub\Embedded-Capstone\stm32\IAR\Debug\Obj\stm32f4xx_gpio.o
#        C:\Users\khart\Documents\GitHub\Embedded-Capstone\stm32\IAR\Debug\Obj\stm32f4xx_hash.o
#        C:\Users\khart\Documents\GitHub\Embedded-Capstone\stm32\IAR\Debug\Obj\stm32f4xx_hash_md5.o
#        C:\Users\khart\Documents\GitHub\Embedded-Capstone\stm32\IAR\Debug\Obj\stm32f4xx_hash_sha1.o
#        C:\Users\khart\Documents\GitHub\Embedded-Capstone\stm32\IAR\Debug\Obj\stm32f4xx_i2c.o
#        C:\Users\khart\Documents\GitHub\Embedded-Capstone\stm32\IAR\Debug\Obj\stm32f4xx_iwdg.o
#        C:\Users\khart\Documents\GitHub\Embedded-Capstone\stm32\IAR\Debug\Obj\stm32f4xx_pwr.o
#        C:\Users\khart\Documents\GitHub\Embedded-Capstone\stm32\IAR\Debug\Obj\stm32f4xx_rcc.o
#        C:\Users\khart\Documents\GitHub\Embedded-Capstone\stm32\IAR\Debug\Obj\stm32f4xx_rng.o
#        C:\Users\khart\Documents\GitHub\Embedded-Capstone\stm32\IAR\Debug\Obj\stm32f4xx_rtc.o
#        C:\Users\khart\Documents\GitHub\Embedded-Capstone\stm32\IAR\Debug\Obj\stm32f4xx_sdio.o
#        C:\Users\khart\Documents\GitHub\Embedded-Capstone\stm32\IAR\Debug\Obj\stm32f4xx_spi.o
#        C:\Users\khart\Documents\GitHub\Embedded-Capstone\stm32\IAR\Debug\Obj\stm32f4xx_syscfg.o
#        C:\Users\khart\Documents\GitHub\Embedded-Capstone\stm32\IAR\Debug\Obj\stm32f4xx_tim.o
#        C:\Users\khart\Documents\GitHub\Embedded-Capstone\stm32\IAR\Debug\Obj\stm32f4xx_usart.o
#        C:\Users\khart\Documents\GitHub\Embedded-Capstone\stm32\IAR\Debug\Obj\stm32f4xx_wwdg.o
#        C:\Users\khart\Documents\GitHub\Embedded-Capstone\stm32\IAR\Debug\Obj\system_stm32f4xx.o
#        -o
#        C:\Users\khart\Documents\GitHub\Embedded-Capstone\stm32\IAR\Debug\Exe\Motor_Driver.out
#        --map
#        C:\Users\khart\Documents\GitHub\Embedded-Capstone\stm32\IAR\Debug\List\Motor_Driver.map
#        --config
#        C:\Users\khart\Documents\GitHub\Embedded-Capstone\stm32\IAR\Motor_Driver.icf
#        --semihosting --entry __iar_program_start --vfe --text_out locale)
#
###############################################################################

*******************************************************************************
*** RUNTIME MODEL ATTRIBUTES
***

CppFlavor       = *
__SystemLibrary = DLib
__dlib_version  = 6


*******************************************************************************
*** HEAP SELECTION
***

The basic heap was selected because some modules are built with
size limitations (and not runtime checking), and --advanced_heap
was not specified.


*******************************************************************************
*** PLACEMENT SUMMARY
***

"A0":  place at 0x08000000 { ro section .intvec };
"P1":  place in [from 0x08000000 to 0x080fffff] { ro };
define block CSTACK with size = 8K, alignment = 8 { };
"P3":  place in [from 0x10000000 to 0x1000ffff] {
          block CSTACK, section .ccram };
define block HEAP with size = 8K, alignment = 8 { };
"P4":  place in [from 0x20000000 to 0x2001bfff] |
                [from 0x2001c000 to 0x2001ffff] { rw, block HEAP };
initialize by copy { rw };

  Section            Kind        Address    Size  Object
  -------            ----        -------    ----  ------
"A0":                                       0x40
  .intvec            ro code  0x08000000    0x40  vector_table_M.o [5]
                            - 0x08000040    0x40

"P1":                                      0x6e0
  .text              ro code  0x08000040   0x2e8  stm32f4xx_tim.o [1]
  .text              ro code  0x08000328   0x1a8  main.o [1]
  .text              ro code  0x080004d0    0x48  stm32f4xx_rcc.o [1]
  .text              ro code  0x08000518    0xf8  stm32f4xx_gpio.o [1]
  .text              ro code  0x08000610    0x2c  copy_init3.o [5]
  .text              ro code  0x0800063c    0x28  data_init.o [5]
  .text              ro code  0x08000664    0x22  fpinit_M.o [4]
  .iar.init_table    const    0x08000688    0x14  - Linker created -
  .text              ro code  0x0800069c     0x2  vector_table_M.o [5]
  .text              ro code  0x080006a0    0x1a  cmain.o [5]
  .text              ro code  0x080006ba     0x4  low_level_init.o [3]
  .text              ro code  0x080006be     0x4  exit.o [3]
  .text              ro code  0x080006c4     0xa  cexit.o [5]
  .text              ro code  0x080006d0    0x14  exit.o [6]
  .text              ro code  0x080006e4     0xc  cstartup_M.o [5]
  .rodata            const    0x080006f0     0x0  copy_init3.o [5]
  Initializer bytes  const    0x080006f0    0x30  <for P4 s0>
                            - 0x08000720   0x6e0

"P3":                                     0x2000
  CSTACK                      0x10000000  0x2000  <Block>
    CSTACK           uninit   0x10000000  0x2000  <Block tail>
                            - 0x10002000  0x2000

"P4":                                       0x30
  P4 s0                       0x20000000    0x30  <Init block>
    .bss             inited   0x20000000    0x14  main.o [1]
    .bss             inited   0x20000014     0xc  main.o [1]
    .data            inited   0x20000020     0x4  system_stm32f4xx.o [1]
    .data            inited   0x20000024     0x2  main.o [1]
    .data            inited   0x20000026     0x2  main.o [1]
    .data            inited   0x20000028     0x2  main.o [1]
    .bss             inited   0x2000002a     0x2  main.o [1]
    .bss             inited   0x2000002c     0x2  main.o [1]
                            - 0x20000030    0x30


*******************************************************************************
*** INIT TABLE
***

          Address     Size
          -------     ----
Copy (__iar_copy_init3)
    1 source range, total size 0x30 (104% of destination):
          0x080006f0  0x30
    1 destination range, total size 0x2e:
          0x20000000  0x2e



*******************************************************************************
*** MODULE SUMMARY
***

    Module              ro code  ro data  rw data
    ------              -------  -------  -------
C:\Users\khart\Documents\GitHub\Embedded-Capstone\stm32\IAR\Debug\Obj: [1]
    main.o                  424       42       42
    stm32f4xx_gpio.o        248
    stm32f4xx_rcc.o          72
    stm32f4xx_tim.o         744
    system_stm32f4xx.o                 4        4
    ---------------------------------------------
    Total:                1 488       46       46

command line: [2]
    ---------------------------------------------
    Total:

dl7M_tln.a: [3]
    exit.o                    4
    low_level_init.o          4
    ---------------------------------------------
    Total:                    8

m7M_tls.a: [4]
    fpinit_M.o               34
    ---------------------------------------------
    Total:                   34

rt7M_tl.a: [5]
    cexit.o                  10
    cmain.o                  26
    copy_init3.o             44
    cstartup_M.o             12
    data_init.o              40
    vector_table_M.o         66
    ---------------------------------------------
    Total:                  198

shb_l.a: [6]
    exit.o                   20
    ---------------------------------------------
    Total:                   20

    Gaps                      6        2
    Linker created                    22    8 192
-------------------------------------------------
    Grand Total:          1 754       70    8 238


*******************************************************************************
*** ENTRY LIST
***

Entry                      Address  Size  Type      Object
-----                      -------  ----  ----      ------
.iar.init_table$$Base   0x08000688         --   Gb  - Linker created -
.iar.init_table$$Limit  0x0800069c         --   Gb  - Linker created -
?main                   0x080006a1        Code  Gb  cmain.o [5]
CCR2_Val                0x20000024   0x2  Data  Gb  main.o [1]
CCR3_Val                0x20000026   0x2  Data  Gb  main.o [1]
CCR4_Val                0x20000028   0x2  Data  Gb  main.o [1]
CSTACK$$Base            0x10000000         --   Gb  - Linker created -
CSTACK$$Limit           0x10002000         --   Gb  - Linker created -
Freq                    0x2000002c   0x2  Data  Gb  main.o [1]
GPIO_Init               0x08000519  0xa4  Code  Gb  stm32f4xx_gpio.o [1]
GPIO_PinAFConfig        0x080005bd  0x54  Code  Gb  stm32f4xx_gpio.o [1]
PrescalerValue          0x2000002a   0x2  Data  Gb  main.o [1]
RCC_AHB1PeriphClockCmd  0x080004d1  0x20  Code  Gb  stm32f4xx_rcc.o [1]
RCC_APB1PeriphClockCmd  0x080004f1  0x20  Code  Gb  stm32f4xx_rcc.o [1]
Region$$Table$$Base     0x08000688         --   Gb  - Linker created -
Region$$Table$$Limit    0x0800069c         --   Gb  - Linker created -
SystemCoreClock         0x20000020   0x4  Data  Gb  system_stm32f4xx.o [1]
TIM_ARRPreloadConfig    0x080000a9  0x1c  Code  Gb  stm32f4xx_tim.o [1]
TIM_Cmd                 0x080000c5  0x1c  Code  Gb  stm32f4xx_tim.o [1]
TIM_Config              0x08000419  0x86  Code  Gb  main.o [1]
TIM_OC1Init             0x080000e1  0x78  Code  Gb  stm32f4xx_tim.o [1]
TIM_OC1PreloadConfig    0x080002e5  0x10  Code  Gb  stm32f4xx_tim.o [1]
TIM_OC2Init             0x08000159  0x86  Code  Gb  stm32f4xx_tim.o [1]
TIM_OC2PreloadConfig    0x080002f5  0x12  Code  Gb  stm32f4xx_tim.o [1]
TIM_OC3Init             0x080001df  0x84  Code  Gb  stm32f4xx_tim.o [1]
TIM_OC3PreloadConfig    0x08000307  0x10  Code  Gb  stm32f4xx_tim.o [1]
TIM_OC4Init             0x08000263  0x62  Code  Gb  stm32f4xx_tim.o [1]
TIM_OC4PreloadConfig    0x08000317  0x12  Code  Gb  stm32f4xx_tim.o [1]
TIM_OCInitStructure     0x20000000  0x14  Data  Gb  main.o [1]
TIM_TimeBaseInit        0x08000041  0x68  Code  Gb  stm32f4xx_tim.o [1]
TIM_TimeBaseStructure   0x20000014   0xc  Data  Gb  main.o [1]
__cmain                 0x080006a1        Code  Gb  cmain.o [5]
__exit                  0x080006d1  0x14  Code  Gb  exit.o [6]
__iar_copy_init3        0x08000611  0x2c  Code  Gb  copy_init3.o [5]
__iar_data_init3        0x0800063d  0x28  Code  Gb  data_init.o [5]
__iar_init_vfp          0x08000665        Code  Gb  fpinit_M.o [4]
__iar_program_start     0x080006e5        Code  Gb  cstartup_M.o [5]
__iar_systems$$module {Abs}
                        0x00000001        Data  Gb  command line/config [2]
__low_level_init        0x080006bb   0x4  Code  Gb  low_level_init.o [3]
__vector_table          0x08000000        Data  Gb  vector_table_M.o [5]
_call_main              0x080006ad        Code  Gb  cmain.o [5]
_exit                   0x080006c5        Code  Gb  cexit.o [5]
_main                   0x080006b7        Code  Gb  cmain.o [5]
exit                    0x080006bf   0x4  Code  Gb  exit.o [3]
main                    0x08000329  0xf0  Code  Gb  main.o [1]


[1] = C:\Users\khart\Documents\GitHub\Embedded-Capstone\stm32\IAR\Debug\Obj
[2] = command line
[3] = dl7M_tln.a
[4] = m7M_tls.a
[5] = rt7M_tl.a
[6] = shb_l.a

  1 754 bytes of readonly  code memory
     70 bytes of readonly  data memory
  8 238 bytes of readwrite data memory

Errors: none
Warnings: none
